mode: set
github.com/welemon/coveralls-test/tests/number.go:3.24,5.2 1 1
github.com/welemon/coveralls-test/tests/number.go:7.24,9.2 1 0
github.com/welemon/coveralls-test/tests/number.go:11.25,13.2 1 0
